<%@ page contentType="text/html;charset=UTF-8" language="java" isELIgnored="false" %>
<%@taglib prefix="c" uri="http://java.sun.com/jsp/jstl/core" %>
<table class="table table-hover">
    <thead>
    <tr>
        <th>Id</th>
        <th>Name</th>
        <th></th>
    </tr>
    </thead>
    <tbody  id="tbgr"...>
</table>
<script src="http://code.jquery.com/jquery-2.2.4.min.js"></script>
<script>
    $.ajax({
        url: "/groups.json",
        success: function (res) {
            var dl = ``;
            $(res).each(function (index, g) {
                dl += ` <tr>
                                <td>` + g.id + `</td>
                                <td>` + g.name + `</td>
                        </tr> `;
            })
            $("#tbgr").append(dl);
        }
    })
</script>