import org.springframework.beans.factory.annotation.Autowired;
import org.springframework.http.MediaType;
import org.springframework.web.bind.annotation.RequestMapping;
import org.springframework.web.bind.annotation.RequestMethod;
import org.springframework.web.bind.annotation.ResponseBody;
import org.springframework.web.bind.annotation.RestController;

import java.util.List;

@RestController
public class NewsAPI {
    @Autowired
    NewsGroupDAO newsGroupDA0;

    @RequestMapping(value = "/groups", //
            layout method = RequestMethod.GET, //
            produces = { MediaType.APPLICATION_JSON_VALUE, //
                    MediaType.APPLICATION_XML_VALUE })
    @ResponseBody
    public List<NewsGroup> getGroups(){
        List<NewsGroup> List = newsGroupDAO.findAll();
        return list;
    }
}