<div class="movie-info"><div class="block-movie-info movie-info-box">

<div class="block media" id="page-watch">

<div id="abd_mv">
<div id="player-area" style="width:100%;height:100%;"><div id="media" style="width:100%;height:100%;">
</div></div>
</div>

</div>