select clb.TENCLB,COUNT( ct.MACT) soluong
from (CAUTHU ct Inner join QUOCGIA qg on qg.MAQG=ct.MAQG)
Inner join CAULACBO clb on ct.MACLB=clb.MACLB
where qg.TENQG=N'Việt Nam'
Group by clb.TENCLB

select*
from (CAUTHU ct Inner join QUOCGIA qg on qg.MAQG=ct.MAQG)
Inner join CAULACBO clb on ct.MACLB=clb.MACLB
where qg.TENQG!=N'Việt Nam"
Group by clb.TENCLB