#include <iostream>
#include <string>

 using namespace std;

int main()
{
int tuoi;
cout << " Ban bao nhieu tuoi ";
cin>> tuoi;
cout<< tuoi;


}
