#include <iostream>
using namespace std;

int main()
{
    int a;
    int b;
    double nghiem;
    std::cout << "nhap a = ";
    std::cin >> a;
    std::cout << " nhap b = ";
    std::cin >> b;
    if(a==0) {
             if (b==0) {
                       std::cout << " Phuong trinh vo so nghiem" << endl;
                       } else {
                              cout << " Phuong trinh vo so nghiem" << endl;
                              }
                              } else {
                                     nghiem = (double) - b/a;
                                     std::cout << "Phuong trinh co nghiem la: " << nghiem << endl;
                                     }
                                     system("Pause");
    return 0;
}