int firstDuplicate(int[] a)
{
    int[] b = new int[a.Length];
    for (int i = 0; i < b.Length; i += 1)
        b[i] = i + 1;
    for (int i = 0; i < a.Length; i += 1)
        if (b[a[i] - 1] == 0)
            return a[i];
        else
            b[a[i] - 1] = 0;
    return -1;
}