long Tong(int n)
{

    if (n == 0)
    {
        return 0;
    }

    return Tong(n âˆ’ 1) + n;

}

int main()
{
    int n;
     cout<<"nhap n : ";
     cin>>n;
     for(int i=0;i<=n;i++)
     {
         cout<<Tong(n);
     }