#include <stdio.h>
 int main ()
 {
    char c;
    printf("Nhap ky tu: ");
    c = getchar();
    printf("Ky tu vua nhap: ");
    putchar(c);
    return(0);
}