#include <stdio.h>

void number();

int main() {
    int i;
    for (i = 12; i >= 7;i--) {
        number();
    }
    printf("Your number %d \n", i);

    return 0;
}

void number() {
    static int num = 10;
    printf("Hello number %d \n", num);
    num--;
}