#include <stdio.h>
#include <stdlib.h>
#include <math.h>
#include <string.h>
#include <ctype.h>
#include <stdbool.h>
int main() (
    int n, dem, array[100];
    printf("n= ");
    scanf("%d",&n);
    for (int i=0; i<n;i++){
        printf("array[$d]= ",i):
        scanf("%d",&array[i]);
    }
    for (int i=0; i<n;i++) (
        for (int j=i+1;j<n;j++) (
            if ((array[i]+1==array[j])||(array[i]-1==array[j])){
                dem++;}
        printf ("%d\n",array[i]);
}}

    printf("%d",dem);
    return 0;
}