select clb.MACLB, clb.TENCLB, svd.TENSAN, svd.DIACHI, COUNT(ct.MACT) soluongcauthunuocngoai
from CAULACBO clb, SANVD svd,  (CAUTHU ct Inner join QUOCGIA qg on qg.MAQG=ct.MAQG)
where qg.TENQG!=N'Viá»‡t Nam"
and ct.MACLB=clb.MACLB
and svd.MASAN=clb.MASAN
Group by clb.TENCLB having COUNT(ct.MACT)>2
