Y= input('Enter a word: ‘)
y 5 |

at ae
while X t= ¥s
4# Z <a TT:
¥ = input('Enter a word:
zz2Z+i
( else_print('You Lost")
else: print('You won')

X= 'family'
Y= input('Enter a word: ‘)
Z= 1
T= 4
while X != Y:
	if Z <= T :
	¥ = input('Enter a word: ')
	Z= Z+1
	else printf('You lost')
else: print('You won')